Archive member included to satisfy reference by file (symbol)

c:/st/stm32cubeide_1.5.0/stm32cubeide/plugins/com.st.stm32cube.ide.mcu.externaltools.gnu-tools-for-stm32.7-2018-q2-update.win32_1.5.0.202011040924/tools/bin/../lib/gcc/arm-none-eabi/7.3.1/../../../../arm-none-eabi/lib/thumb/v7e-m/fpv4-sp/hard\libc_nano.a(lib_a-errno.o)
                              Core/Src/syscalls.o (__errno)
c:/st/stm32cubeide_1.5.0/stm32cubeide/plugins/com.st.stm32cube.ide.mcu.externaltools.gnu-tools-for-stm32.7-2018-q2-update.win32_1.5.0.202011040924/tools/bin/../lib/gcc/arm-none-eabi/7.3.1/../../../../arm-none-eabi/lib/thumb/v7e-m/fpv4-sp/hard\libc_nano.a(lib_a-exit.o)
                              c:/st/stm32cubeide_1.5.0/stm32cubeide/plugins/com.st.stm32cube.ide.mcu.externaltools.gnu-tools-for-stm32.7-2018-q2-update.win32_1.5.0.202011040924/tools/bin/../lib/gcc/arm-none-eabi/7.3.1/../../../../arm-none-eabi/lib/thumb/v7e-m/fpv4-sp/hard/crt0.o (exit)
c:/st/stm32cubeide_1.5.0/stm32cubeide/plugins/com.st.stm32cube.ide.mcu.externaltools.gnu-tools-for-stm32.7-2018-q2-update.win32_1.5.0.202011040924/tools/bin/../lib/gcc/arm-none-eabi/7.3.1/../../../../arm-none-eabi/lib/thumb/v7e-m/fpv4-sp/hard\libc_nano.a(lib_a-impure.o)
                              c:/st/stm32cubeide_1.5.0/stm32cubeide/plugins/com.st.stm32cube.ide.mcu.externaltools.gnu-tools-for-stm32.7-2018-q2-update.win32_1.5.0.202011040924/tools/bin/../lib/gcc/arm-none-eabi/7.3.1/../../../../arm-none-eabi/lib/thumb/v7e-m/fpv4-sp/hard\libc_nano.a(lib_a-exit.o) (_global_impure_ptr)
c:/st/stm32cubeide_1.5.0/stm32cubeide/plugins/com.st.stm32cube.ide.mcu.externaltools.gnu-tools-for-stm32.7-2018-q2-update.win32_1.5.0.202011040924/tools/bin/../lib/gcc/arm-none-eabi/7.3.1/../../../../arm-none-eabi/lib/thumb/v7e-m/fpv4-sp/hard\libc_nano.a(lib_a-init.o)
                              c:/st/stm32cubeide_1.5.0/stm32cubeide/plugins/com.st.stm32cube.ide.mcu.externaltools.gnu-tools-for-stm32.7-2018-q2-update.win32_1.5.0.202011040924/tools/bin/../lib/gcc/arm-none-eabi/7.3.1/../../../../arm-none-eabi/lib/thumb/v7e-m/fpv4-sp/hard/crt0.o (__libc_init_array)
c:/st/stm32cubeide_1.5.0/stm32cubeide/plugins/com.st.stm32cube.ide.mcu.externaltools.gnu-tools-for-stm32.7-2018-q2-update.win32_1.5.0.202011040924/tools/bin/../lib/gcc/arm-none-eabi/7.3.1/../../../../arm-none-eabi/lib/thumb/v7e-m/fpv4-sp/hard\libc_nano.a(lib_a-memset.o)
                              c:/st/stm32cubeide_1.5.0/stm32cubeide/plugins/com.st.stm32cube.ide.mcu.externaltools.gnu-tools-for-stm32.7-2018-q2-update.win32_1.5.0.202011040924/tools/bin/../lib/gcc/arm-none-eabi/7.3.1/../../../../arm-none-eabi/lib/thumb/v7e-m/fpv4-sp/hard/crt0.o (memset)
c:/st/stm32cubeide_1.5.0/stm32cubeide/plugins/com.st.stm32cube.ide.mcu.externaltools.gnu-tools-for-stm32.7-2018-q2-update.win32_1.5.0.202011040924/tools/bin/../lib/gcc/arm-none-eabi/7.3.1/thumb/v7e-m/fpv4-sp/hard\libgcc.a(_aeabi_uldivmod.o)
                              Drivers/STM32F4xx_HAL_Driver/Src/stm32f4xx_hal_rcc.o (__aeabi_uldivmod)
c:/st/stm32cubeide_1.5.0/stm32cubeide/plugins/com.st.stm32cube.ide.mcu.externaltools.gnu-tools-for-stm32.7-2018-q2-update.win32_1.5.0.202011040924/tools/bin/../lib/gcc/arm-none-eabi/7.3.1/thumb/v7e-m/fpv4-sp/hard\libgcc.a(_udivmoddi4.o)
                              c:/st/stm32cubeide_1.5.0/stm32cubeide/plugins/com.st.stm32cube.ide.mcu.externaltools.gnu-tools-for-stm32.7-2018-q2-update.win32_1.5.0.202011040924/tools/bin/../lib/gcc/arm-none-eabi/7.3.1/thumb/v7e-m/fpv4-sp/hard\libgcc.a(_aeabi_uldivmod.o) (__udivmoddi4)
c:/st/stm32cubeide_1.5.0/stm32cubeide/plugins/com.st.stm32cube.ide.mcu.externaltools.gnu-tools-for-stm32.7-2018-q2-update.win32_1.5.0.202011040924/tools/bin/../lib/gcc/arm-none-eabi/7.3.1/thumb/v7e-m/fpv4-sp/hard\libgcc.a(_dvmd_tls.o)
                              c:/st/stm32cubeide_1.5.0/stm32cubeide/plugins/com.st.stm32cube.ide.mcu.externaltools.gnu-tools-for-stm32.7-2018-q2-update.win32_1.5.0.202011040924/tools/bin/../lib/gcc/arm-none-eabi/7.3.1/thumb/v7e-m/fpv4-sp/hard\libgcc.a(_aeabi_uldivmod.o) (__aeabi_ldiv0)

Allocating common symbols
Common symbol       size              file

uwTick              0x4               Drivers/STM32F4xx_HAL_Driver/Src/stm32f4xx_hal.o
pFlash              0x20              Drivers/STM32F4xx_HAL_Driver/Src/stm32f4xx_hal_flash.o
MYDATA              0x12              Core/Src/main.o
whoami_mag          0x1               Core/Src/main.o
hspi1               0x58              Core/Src/spi.o
whoami_icm          0x1               Core/Src/main.o

Discarded input sections

 .text          0x0000000000000000        0x0 c:/st/stm32cubeide_1.5.0/stm32cubeide/plugins/com.st.stm32cube.ide.mcu.externaltools.gnu-tools-for-stm32.7-2018-q2-update.win32_1.5.0.202011040924/tools/bin/../lib/gcc/arm-none-eabi/7.3.1/thumb/v7e-m/fpv4-sp/hard/crti.o
[...]
Memory Configuration

Name             Origin             Length             Attributes
RAM              0x0000000020000000 0x0000000000020000 xrw
FLASH            0x0000000008000000 0x0000000000080000 xr
*default*        0x0000000000000000 0xffffffffffffffff

Linker script and memory map

LOAD c:/st/stm32cubeide_1.5.0/stm32cubeide/plugins/com.st.stm32cube.ide.mcu.externaltools.gnu-tools-for-stm32.7-2018-q2-update.win32_1.5.0.202011040924/tools/bin/../lib/gcc/arm-none-eabi/7.3.1/thumb/v7e-m/fpv4-sp/hard/crti.o
LOAD c:/st/stm32cubeide_1.5.0/stm32cubeide/plugins/com.st.stm32cube.ide.mcu.externaltools.gnu-tools-for-stm32.7-2018-q2-update.win32_1.5.0.202011040924/tools/bin/../lib/gcc/arm-none-eabi/7.3.1/thumb/v7e-m/fpv4-sp/hard/crtbegin.o
LOAD c:/st/stm32cubeide_1.5.0/stm32cubeide/plugins/com.st.stm32cube.ide.mcu.externaltools.gnu-tools-for-stm32.7-2018-q2-update.win32_1.5.0.202011040924/tools/bin/../lib/gcc/arm-none-eabi/7.3.1/../../../../arm-none-eabi/lib/thumb/v7e-m/fpv4-sp/hard/crt0.o
LOAD Core/Src/gpio.o
LOAD Core/Src/main.o
LOAD Core/Src/mokhwa_ICM20948.o
LOAD Core/Src/spi.o
LOAD Core/Src/stm32f4xx_hal_msp.o
LOAD Core/Src/stm32f4xx_it.o
LOAD Core/Src/syscalls.o
LOAD Core/Src/sysmem.o
LOAD Core/Src/system_stm32f4xx.o
LOAD Core/Startup/startup_stm32f411ceux.o
LOAD Drivers/STM32F4xx_HAL_Driver/Src/stm32f4xx_hal.o
LOAD Drivers/STM32F4xx_HAL_Driver/Src/stm32f4xx_hal_cortex.o
LOAD Drivers/STM32F4xx_HAL_Driver/Src/stm32f4xx_hal_dma.o
LOAD Drivers/STM32F4xx_HAL_Driver/Src/stm32f4xx_hal_dma_ex.o
LOAD Drivers/STM32F4xx_HAL_Driver/Src/stm32f4xx_hal_exti.o
LOAD Drivers/STM32F4xx_HAL_Driver/Src/stm32f4xx_hal_flash.o
LOAD Drivers/STM32F4xx_HAL_Driver/Src/stm32f4xx_hal_flash_ex.o
LOAD Drivers/STM32F4xx_HAL_Driver/Src/stm32f4xx_hal_flash_ramfunc.o
LOAD Drivers/STM32F4xx_HAL_Driver/Src/stm32f4xx_hal_gpio.o
LOAD Drivers/STM32F4xx_HAL_Driver/Src/stm32f4xx_hal_pwr.o
LOAD Drivers/STM32F4xx_HAL_Driver/Src/stm32f4xx_hal_pwr_ex.o
LOAD Drivers/STM32F4xx_HAL_Driver/Src/stm32f4xx_hal_rcc.o
LOAD Drivers/STM32F4xx_HAL_Driver/Src/stm32f4xx_hal_rcc_ex.o
LOAD Drivers/STM32F4xx_HAL_Driver/Src/stm32f4xx_hal_spi.o
LOAD Drivers/STM32F4xx_HAL_Driver/Src/stm32f4xx_hal_tim.o
LOAD Drivers/STM32F4xx_HAL_Driver/Src/stm32f4xx_hal_tim_ex.o
START GROUP
LOAD c:/st/stm32cubeide_1.5.0/stm32cubeide/plugins/com.st.stm32cube.ide.mcu.externaltools.gnu-tools-for-stm32.7-2018-q2-update.win32_1.5.0.202011040924/tools/bin/../lib/gcc/arm-none-eabi/7.3.1/../../../../arm-none-eabi/lib/thumb/v7e-m/fpv4-sp/hard\libc_nano.a
LOAD c:/st/stm32cubeide_1.5.0/stm32cubeide/plugins/com.st.stm32cube.ide.mcu.externaltools.gnu-tools-for-stm32.7-2018-q2-update.win32_1.5.0.202011040924/tools/bin/../lib/gcc/arm-none-eabi/7.3.1/../../../../arm-none-eabi/lib/thumb/v7e-m/fpv4-sp/hard\libm.a
END GROUP
START GROUP
LOAD c:/st/stm32cubeide_1.5.0/stm32cubeide/plugins/com.st.stm32cube.ide.mcu.externaltools.gnu-tools-for-stm32.7-2018-q2-update.win32_1.5.0.202011040924/tools/bin/../lib/gcc/arm-none-eabi/7.3.1/thumb/v7e-m/fpv4-sp/hard\libgcc.a
LOAD c:/st/stm32cubeide_1.5.0/stm32cubeide/plugins/com.st.stm32cube.ide.mcu.externaltools.gnu-tools-for-stm32.7-2018-q2-update.win32_1.5.0.202011040924/tools/bin/../lib/gcc/arm-none-eabi/7.3.1/../../../../arm-none-eabi/lib/thumb/v7e-m/fpv4-sp/hard\libc_nano.a
END GROUP
START GROUP
LOAD c:/st/stm32cubeide_1.5.0/stm32cubeide/plugins/com.st.stm32cube.ide.mcu.externaltools.gnu-tools-for-stm32.7-2018-q2-update.win32_1.5.0.202011040924/tools/bin/../lib/gcc/arm-none-eabi/7.3.1/thumb/v7e-m/fpv4-sp/hard\libgcc.a
LOAD c:/st/stm32cubeide_1.5.0/stm32cubeide/plugins/com.st.stm32cube.ide.mcu.externaltools.gnu-tools-for-stm32.7-2018-q2-update.win32_1.5.0.202011040924/tools/bin/../lib/gcc/arm-none-eabi/7.3.1/../../../../arm-none-eabi/lib/thumb/v7e-m/fpv4-sp/hard\libc_nano.a
LOAD c:/st/stm32cubeide_1.5.0/stm32cubeide/plugins/com.st.stm32cube.ide.mcu.externaltools.gnu-tools-for-stm32.7-2018-q2-update.win32_1.5.0.202011040924/tools/bin/../lib/gcc/arm-none-eabi/7.3.1/../../../../arm-none-eabi/lib/thumb/v7e-m/fpv4-sp/hard\libnosys.a
END GROUP
START GROUP
LOAD c:/st/stm32cubeide_1.5.0/stm32cubeide/plugins/com.st.stm32cube.ide.mcu.externaltools.gnu-tools-for-stm32.7-2018-q2-update.win32_1.5.0.202011040924/tools/bin/../lib/gcc/arm-none-eabi/7.3.1/thumb/v7e-m/fpv4-sp/hard\libgcc.a
LOAD c:/st/stm32cubeide_1.5.0/stm32cubeide/plugins/com.st.stm32cube.ide.mcu.externaltools.gnu-tools-for-stm32.7-2018-q2-update.win32_1.5.0.202011040924/tools/bin/../lib/gcc/arm-none-eabi/7.3.1/../../../../arm-none-eabi/lib/thumb/v7e-m/fpv4-sp/hard\libc_nano.a
LOAD c:/st/stm32cubeide_1.5.0/stm32cubeide/plugins/com.st.stm32cube.ide.mcu.externaltools.gnu-tools-for-stm32.7-2018-q2-update.win32_1.5.0.202011040924/tools/bin/../lib/gcc/arm-none-eabi/7.3.1/../../../../arm-none-eabi/lib/thumb/v7e-m/fpv4-sp/hard\libnosys.a
END GROUP
LOAD c:/st/stm32cubeide_1.5.0/stm32cubeide/plugins/com.st.stm32cube.ide.mcu.externaltools.gnu-tools-for-stm32.7-2018-q2-update.win32_1.5.0.202011040924/tools/bin/../lib/gcc/arm-none-eabi/7.3.1/thumb/v7e-m/fpv4-sp/hard/crtend.o
LOAD c:/st/stm32cubeide_1.5.0/stm32cubeide/plugins/com.st.stm32cube.ide.mcu.externaltools.gnu-tools-for-stm32.7-2018-q2-update.win32_1.5.0.202011040924/tools/bin/../lib/gcc/arm-none-eabi/7.3.1/thumb/v7e-m/fpv4-sp/hard/crtn.o
                0x0000000020020000                _estack = (ORIGIN (RAM) + LENGTH (RAM))
                0x0000000000000200                _Min_Heap_Size = 0x200
                0x0000000000000400                _Min_Stack_Size = 0x400

.isr_vector     0x0000000008000000      0x198
                0x0000000008000000                . = ALIGN (0x4)
 *(.isr_vector)
 .isr_vector    0x0000000008000000      0x198 Core/Startup/startup_stm32f411ceux.o
                0x0000000008000000                g_pfnVectors
                0x0000000008000198                . = ALIGN (0x4)

.text           0x0000000008000198     0x243c
                0x0000000008000198                . = ALIGN (0x4)
 *(.text)
 .text          0x0000000008000198       0x40 c:/st/stm32cubeide_1.5.0/stm32cubeide/plugins/com.st.stm32cube.ide.mcu.externaltools.gnu-tools-for-stm32.7-2018-q2-update.win32_1.5.0.202011040924/tools/bin/../lib/gcc/arm-none-eabi/7.3.1/thumb/v7e-m/fpv4-sp/hard/crtbegin.o
 .text          0x00000000080001d8       0x30 c:/st/stm32cubeide_1.5.0/stm32cubeide/plugins/com.st.stm32cube.ide.mcu.externaltools.gnu-tools-for-stm32.7-2018-q2-update.win32_1.5.0.202011040924/tools/bin/../lib/gcc/arm-none-eabi/7.3.1/thumb/v7e-m/fpv4-sp/hard\libgcc.a(_aeabi_uldivmod.o)
                0x00000000080001d8                __aeabi_uldivmod
 .text          0x0000000008000208      0x2cc c:/st/stm32cubeide_1.5.0/stm32cubeide/plugins/com.st.stm32cube.ide.mcu.externaltools.gnu-tools-for-stm32.7-2018-q2-update.win32_1.5.0.202011040924/tools/bin/../lib/gcc/arm-none-eabi/7.3.1/thumb/v7e-m/fpv4-sp/hard\libgcc.a(_udivmoddi4.o)
                0x0000000008000208                __udivmoddi4
 .text          0x00000000080004d4        0x4 c:/st/stm32cubeide_1.5.0/stm32cubeide/plugins/com.st.stm32cube.ide.mcu.externaltools.gnu-tools-for-stm32.7-2018-q2-update.win32_1.5.0.202011040924/tools/bin/../lib/gcc/arm-none-eabi/7.3.1/thumb/v7e-m/fpv4-sp/hard\libgcc.a(_dvmd_tls.o)
                0x00000000080004d4                __aeabi_idiv0
                0x00000000080004d4                __aeabi_ldiv0
 *(.text*)
 .text.MX_GPIO_Init
                0x00000000080004d8       0xb4 Core/Src/gpio.o
                0x00000000080004d8                MX_GPIO_Init
 .text.main     0x000000000800058c       0x50 Core/Src/main.o
                0x000000000800058c                main
 .text.SystemClock_Config
                0x00000000080005dc       0xd0 Core/Src/main.o
                0x00000000080005dc                SystemClock_Config
 .text.Error_Handler
                0x00000000080006ac        0x8 Core/Src/main.o
                0x00000000080006ac                Error_Handler
 .text.CS_HIGH  0x00000000080006b4       0x18 Core/Src/mokhwa_ICM20948.o
                0x00000000080006b4                CS_HIGH
 .text.CS_LOW   0x00000000080006cc       0x18 Core/Src/mokhwa_ICM20948.o
                0x00000000080006cc                CS_LOW
 .text.SELECT_USER_BANK
                0x00000000080006e4       0x1c Core/Src/mokhwa_ICM20948.o
                0x00000000080006e4                SELECT_USER_BANK
 .text.ICM20948_READ
                0x0000000008000700       0x58 Core/Src/mokhwa_ICM20948.o
                0x0000000008000700                ICM20948_READ
 .text.ICM20948_WRITE
                0x0000000008000758       0x48 Core/Src/mokhwa_ICM20948.o
                0x0000000008000758                ICM20948_WRITE
 .text.AK09916_READ
                0x00000000080007a0       0x56 Core/Src/mokhwa_ICM20948.o
                0x00000000080007a0                AK09916_READ
 .text.AK09916_WRTIE
                0x00000000080007f6       0x48 Core/Src/mokhwa_ICM20948.o
                0x00000000080007f6                AK09916_WRTIE
 *fill*         0x000000000800083e        0x2 
 .text.WHOAMI_AK09916
                0x0000000008000840       0x18 Core/Src/mokhwa_ICM20948.o
                0x0000000008000840                WHOAMI_AK09916
 .text.INIT_ICM20948
                0x0000000008000858       0x58 Core/Src/mokhwa_ICM20948.o
                0x0000000008000858                INIT_ICM20948
 .text.INIT_AK09916
                0x00000000080008b0       0x42 Core/Src/mokhwa_ICM20948.o
                0x00000000080008b0                INIT_AK09916
 *fill*         0x00000000080008f2        0x2 
 .text.READ_GYRO
                0x00000000080008f4       0x64 Core/Src/mokhwa_ICM20948.o
                0x00000000080008f4                READ_GYRO
 .text.READ_ACCEL
                0x0000000008000958       0x64 Core/Src/mokhwa_ICM20948.o
                0x0000000008000958                READ_ACCEL
 .text.READ_MAG
                0x00000000080009bc       0xa4 Core/Src/mokhwa_ICM20948.o
                0x00000000080009bc                READ_MAG
 .text.MX_SPI1_Init
                0x0000000008000a60       0x6c Core/Src/spi.o
                0x0000000008000a60                MX_SPI1_Init
 .text.HAL_SPI_MspInit
                0x0000000008000acc       0x90 Core/Src/spi.o
                0x0000000008000acc                HAL_SPI_MspInit
 .text.HAL_MspInit
                0x0000000008000b5c       0x50 Core/Src/stm32f4xx_hal_msp.o
                0x0000000008000b5c                HAL_MspInit
 .text.NMI_Handler
                0x0000000008000bac        0x6 Core/Src/stm32f4xx_it.o
                0x0000000008000bac                NMI_Handler
 .text.HardFault_Handler
                0x0000000008000bb2        0x6 Core/Src/stm32f4xx_it.o
                0x0000000008000bb2                HardFault_Handler
 .text.MemManage_Handler
                0x0000000008000bb8        0x6 Core/Src/stm32f4xx_it.o
                0x0000000008000bb8                MemManage_Handler
 .text.BusFault_Handler
                0x0000000008000bbe        0x6 Core/Src/stm32f4xx_it.o
                0x0000000008000bbe                BusFault_Handler
 .text.UsageFault_Handler
                0x0000000008000bc4        0x6 Core/Src/stm32f4xx_it.o
                0x0000000008000bc4                UsageFault_Handler
 .text.SVC_Handler
                0x0000000008000bca        0xe Core/Src/stm32f4xx_it.o
                0x0000000008000bca                SVC_Handler
 .text.DebugMon_Handler
                0x0000000008000bd8        0xe Core/Src/stm32f4xx_it.o
                0x0000000008000bd8                DebugMon_Handler
 .text.PendSV_Handler
                0x0000000008000be6        0xe Core/Src/stm32f4xx_it.o
                0x0000000008000be6                PendSV_Handler
 .text.SysTick_Handler
                0x0000000008000bf4        0xc Core/Src/stm32f4xx_it.o
                0x0000000008000bf4                SysTick_Handler
 .text.SystemInit
                0x0000000008000c00       0x2c Core/Src/system_stm32f4xx.o
                0x0000000008000c00                SystemInit
 .text.Reset_Handler
                0x0000000008000c2c       0x50 Core/Startup/startup_stm32f411ceux.o
                0x0000000008000c2c                Reset_Handler
 .text.Default_Handler
                0x0000000008000c7c        0x2 Core/Startup/startup_stm32f411ceux.o
                0x0000000008000c7c                RTC_Alarm_IRQHandler
                0x0000000008000c7c                EXTI2_IRQHandler
                0x0000000008000c7c                SPI4_IRQHandler
                0x0000000008000c7c                TIM1_CC_IRQHandler
                0x0000000008000c7c                DMA2_Stream5_IRQHandler
                0x0000000008000c7c                DMA1_Stream5_IRQHandler
                0x0000000008000c7c                PVD_IRQHandler
                0x0000000008000c7c                SDIO_IRQHandler
                0x0000000008000c7c                TAMP_STAMP_IRQHandler
                0x0000000008000c7c                EXTI3_IRQHandler
                0x0000000008000c7c                TIM1_UP_TIM10_IRQHandler
                0x0000000008000c7c                I2C3_ER_IRQHandler
                0x0000000008000c7c                EXTI0_IRQHandler
                0x0000000008000c7c                I2C2_EV_IRQHandler
                0x0000000008000c7c                DMA1_Stream2_IRQHandler
                0x0000000008000c7c                FPU_IRQHandler
                0x0000000008000c7c                DMA2_Stream2_IRQHandler
                0x0000000008000c7c                SPI1_IRQHandler
                0x0000000008000c7c                TIM1_BRK_TIM9_IRQHandler
                0x0000000008000c7c                DMA2_Stream3_IRQHandler
                0x0000000008000c7c                USART6_IRQHandler
                0x0000000008000c7c                DMA2_Stream0_IRQHandler
                0x0000000008000c7c                TIM4_IRQHandler
                0x0000000008000c7c                I2C1_EV_IRQHandler
                0x0000000008000c7c                DMA1_Stream6_IRQHandler
                0x0000000008000c7c                DMA1_Stream1_IRQHandler
                0x0000000008000c7c                TIM3_IRQHandler
                0x0000000008000c7c                RCC_IRQHandler
                0x0000000008000c7c                Default_Handler
                0x0000000008000c7c                EXTI15_10_IRQHandler
                0x0000000008000c7c                ADC_IRQHandler
                0x0000000008000c7c                DMA1_Stream7_IRQHandler
                0x0000000008000c7c                SPI5_IRQHandler
                0x0000000008000c7c                TIM5_IRQHandler
                0x0000000008000c7c                DMA2_Stream7_IRQHandler
                0x0000000008000c7c                I2C3_EV_IRQHandler
                0x0000000008000c7c                EXTI9_5_IRQHandler
                0x0000000008000c7c                RTC_WKUP_IRQHandler
                0x0000000008000c7c                SPI2_IRQHandler
                0x0000000008000c7c                DMA1_Stream0_IRQHandler
                0x0000000008000c7c                EXTI4_IRQHandler
                0x0000000008000c7c                WWDG_IRQHandler
                0x0000000008000c7c                TIM2_IRQHandler
                0x0000000008000c7c                OTG_FS_WKUP_IRQHandler
                0x0000000008000c7c                TIM1_TRG_COM_TIM11_IRQHandler
                0x0000000008000c7c                EXTI1_IRQHandler
                0x0000000008000c7c                USART2_IRQHandler
                0x0000000008000c7c                I2C2_ER_IRQHandler
                0x0000000008000c7c                DMA2_Stream1_IRQHandler
                0x0000000008000c7c                FLASH_IRQHandler
                0x0000000008000c7c                DMA2_Stream4_IRQHandler
                0x0000000008000c7c                USART1_IRQHandler
                0x0000000008000c7c                OTG_FS_IRQHandler
                0x0000000008000c7c                SPI3_IRQHandler
                0x0000000008000c7c                DMA1_Stream4_IRQHandler
                0x0000000008000c7c                I2C1_ER_IRQHandler
                0x0000000008000c7c                DMA2_Stream6_IRQHandler
                0x0000000008000c7c                DMA1_Stream3_IRQHandler
 *fill*         0x0000000008000c7e        0x2 
 .text.HAL_Init
                0x0000000008000c80       0x44 Drivers/STM32F4xx_HAL_Driver/Src/stm32f4xx_hal.o
                0x0000000008000c80                HAL_Init
 .text.HAL_InitTick
                0x0000000008000cc4       0x60 Drivers/STM32F4xx_HAL_Driver/Src/stm32f4xx_hal.o
                0x0000000008000cc4                HAL_InitTick
 .text.HAL_IncTick
                0x0000000008000d24       0x28 Drivers/STM32F4xx_HAL_Driver/Src/stm32f4xx_hal.o
                0x0000000008000d24                HAL_IncTick
 .text.HAL_GetTick
                0x0000000008000d4c       0x18 Drivers/STM32F4xx_HAL_Driver/Src/stm32f4xx_hal.o
                0x0000000008000d4c                HAL_GetTick
 .text.HAL_Delay
                0x0000000008000d64       0x44 Drivers/STM32F4xx_HAL_Driver/Src/stm32f4xx_hal.o
                0x0000000008000d64                HAL_Delay
 .text.__NVIC_SetPriorityGrouping
                0x0000000008000da8       0x48 Drivers/STM32F4xx_HAL_Driver/Src/stm32f4xx_hal_cortex.o
 .text.__NVIC_GetPriorityGrouping
                0x0000000008000df0       0x1c Drivers/STM32F4xx_HAL_Driver/Src/stm32f4xx_hal_cortex.o
 .text.__NVIC_SetPriority
                0x0000000008000e0c       0x54 Drivers/STM32F4xx_HAL_Driver/Src/stm32f4xx_hal_cortex.o
 .text.NVIC_EncodePriority
                0x0000000008000e60       0x66 Drivers/STM32F4xx_HAL_Driver/Src/stm32f4xx_hal_cortex.o
 *fill*         0x0000000008000ec6        0x2 
 .text.SysTick_Config
                0x0000000008000ec8       0x44 Drivers/STM32F4xx_HAL_Driver/Src/stm32f4xx_hal_cortex.o
 .text.HAL_NVIC_SetPriorityGrouping
                0x0000000008000f0c       0x16 Drivers/STM32F4xx_HAL_Driver/Src/stm32f4xx_hal_cortex.o
                0x0000000008000f0c                HAL_NVIC_SetPriorityGrouping
 .text.HAL_NVIC_SetPriority
                0x0000000008000f22       0x38 Drivers/STM32F4xx_HAL_Driver/Src/stm32f4xx_hal_cortex.o
                0x0000000008000f22                HAL_NVIC_SetPriority
 .text.HAL_SYSTICK_Config
                0x0000000008000f5a       0x18 Drivers/STM32F4xx_HAL_Driver/Src/stm32f4xx_hal_cortex.o
                0x0000000008000f5a                HAL_SYSTICK_Config
 *fill*         0x0000000008000f72        0x2 
 .text.HAL_GPIO_Init
                0x0000000008000f74      0x304 Drivers/STM32F4xx_HAL_Driver/Src/stm32f4xx_hal_gpio.o
                0x0000000008000f74                HAL_GPIO_Init
 .text.HAL_GPIO_WritePin
                0x0000000008001278       0x32 Drivers/STM32F4xx_HAL_Driver/Src/stm32f4xx_hal_gpio.o
                0x0000000008001278                HAL_GPIO_WritePin
 *fill*         0x00000000080012aa        0x2 
 .text.HAL_RCC_OscConfig
                0x00000000080012ac      0x4e0 Drivers/STM32F4xx_HAL_Driver/Src/stm32f4xx_hal_rcc.o
                0x00000000080012ac                HAL_RCC_OscConfig
 .text.HAL_RCC_ClockConfig
                0x000000000800178c      0x1cc Drivers/STM32F4xx_HAL_Driver/Src/stm32f4xx_hal_rcc.o
                0x000000000800178c                HAL_RCC_ClockConfig
 .text.HAL_RCC_GetSysClockFreq
                0x0000000008001958      0x164 Drivers/STM32F4xx_HAL_Driver/Src/stm32f4xx_hal_rcc.o
                0x0000000008001958                HAL_RCC_GetSysClockFreq
 .text.HAL_SPI_Init
                0x0000000008001abc       0xc8 Drivers/STM32F4xx_HAL_Driver/Src/stm32f4xx_hal_spi.o
                0x0000000008001abc                HAL_SPI_Init
 .text.HAL_SPI_Transmit
                0x0000000008001b84      0x268 Drivers/STM32F4xx_HAL_Driver/Src/stm32f4xx_hal_spi.o
                0x0000000008001b84                HAL_SPI_Transmit
 .text.HAL_SPI_Receive
                0x0000000008001dec      0x212 Drivers/STM32F4xx_HAL_Driver/Src/stm32f4xx_hal_spi.o
                0x0000000008001dec                HAL_SPI_Receive
 .text.HAL_SPI_TransmitReceive
                0x0000000008001ffe      0x344 Drivers/STM32F4xx_HAL_Driver/Src/stm32f4xx_hal_spi.o
                0x0000000008001ffe                HAL_SPI_TransmitReceive
 .text.SPI_WaitFlagStateUntilTimeout
                0x0000000008002342       0xd4 Drivers/STM32F4xx_HAL_Driver/Src/stm32f4xx_hal_spi.o
 .text.SPI_EndRxTransaction
                0x0000000008002416       0xca Drivers/STM32F4xx_HAL_Driver/Src/stm32f4xx_hal_spi.o
 .text.SPI_EndRxTxTransaction
                0x00000000080024e0       0x84 Drivers/STM32F4xx_HAL_Driver/Src/stm32f4xx_hal_spi.o
 .text.__libc_init_array
                0x0000000008002564       0x48 c:/st/stm32cubeide_1.5.0/stm32cubeide/plugins/com.st.stm32cube.ide.mcu.externaltools.gnu-tools-for-stm32.7-2018-q2-update.win32_1.5.0.202011040924/tools/bin/../lib/gcc/arm-none-eabi/7.3.1/../../../../arm-none-eabi/lib/thumb/v7e-m/fpv4-sp/hard\libc_nano.a(lib_a-init.o)
                0x0000000008002564                __libc_init_array
 .text.memset   0x00000000080025ac       0x10 c:/st/stm32cubeide_1.5.0/stm32cubeide/plugins/com.st.stm32cube.ide.mcu.externaltools.gnu-tools-for-stm32.7-2018-q2-update.win32_1.5.0.202011040924/tools/bin/../lib/gcc/arm-none-eabi/7.3.1/../../../../arm-none-eabi/lib/thumb/v7e-m/fpv4-sp/hard\libc_nano.a(lib_a-memset.o)
                0x00000000080025ac                memset
 *(.glue_7)
 .glue_7        0x00000000080025bc        0x0 linker stubs
 *(.glue_7t)
 .glue_7t       0x00000000080025bc        0x0 linker stubs
 *(.eh_frame)
 .eh_frame      0x00000000080025bc        0x0 c:/st/stm32cubeide_1.5.0/stm32cubeide/plugins/com.st.stm32cube.ide.mcu.externaltools.gnu-tools-for-stm32.7-2018-q2-update.win32_1.5.0.202011040924/tools/bin/../lib/gcc/arm-none-eabi/7.3.1/thumb/v7e-m/fpv4-sp/hard/crtbegin.o
 *(.init)
 .init          0x00000000080025bc        0x4 c:/st/stm32cubeide_1.5.0/stm32cubeide/plugins/com.st.stm32cube.ide.mcu.externaltools.gnu-tools-for-stm32.7-2018-q2-update.win32_1.5.0.202011040924/tools/bin/../lib/gcc/arm-none-eabi/7.3.1/thumb/v7e-m/fpv4-sp/hard/crti.o
                0x00000000080025bc                _init
 .init          0x00000000080025c0        0x8 c:/st/stm32cubeide_1.5.0/stm32cubeide/plugins/com.st.stm32cube.ide.mcu.externaltools.gnu-tools-for-stm32.7-2018-q2-update.win32_1.5.0.202011040924/tools/bin/../lib/gcc/arm-none-eabi/7.3.1/thumb/v7e-m/fpv4-sp/hard/crtn.o
 *(.fini)
 .fini          0x00000000080025c8        0x4 c:/st/stm32cubeide_1.5.0/stm32cubeide/plugins/com.st.stm32cube.ide.mcu.externaltools.gnu-tools-for-stm32.7-2018-q2-update.win32_1.5.0.202011040924/tools/bin/../lib/gcc/arm-none-eabi/7.3.1/thumb/v7e-m/fpv4-sp/hard/crti.o
                0x00000000080025c8                _fini
 .fini          0x00000000080025cc        0x8 c:/st/stm32cubeide_1.5.0/stm32cubeide/plugins/com.st.stm32cube.ide.mcu.externaltools.gnu-tools-for-stm32.7-2018-q2-update.win32_1.5.0.202011040924/tools/bin/../lib/gcc/arm-none-eabi/7.3.1/thumb/v7e-m/fpv4-sp/hard/crtn.o
                0x00000000080025d4                . = ALIGN (0x4)
                0x00000000080025d4                _etext = .

.vfp11_veneer   0x00000000080025d4        0x0
 .vfp11_veneer  0x00000000080025d4        0x0 linker stubs

.v4_bx          0x00000000080025d4        0x0
 .v4_bx         0x00000000080025d4        0x0 linker stubs

.iplt           0x00000000080025d4        0x0
 .iplt          0x00000000080025d4        0x0 c:/st/stm32cubeide_1.5.0/stm32cubeide/plugins/com.st.stm32cube.ide.mcu.externaltools.gnu-tools-for-stm32.7-2018-q2-update.win32_1.5.0.202011040924/tools/bin/../lib/gcc/arm-none-eabi/7.3.1/thumb/v7e-m/fpv4-sp/hard/crtbegin.o

.rodata         0x00000000080025d4       0x10
                0x00000000080025d4                . = ALIGN (0x4)
 *(.rodata)
 *(.rodata*)
 .rodata.AHBPrescTable
                0x00000000080025d4       0x10 Core/Src/system_stm32f4xx.o
                0x00000000080025d4                AHBPrescTable
                0x00000000080025e4                . = ALIGN (0x4)

.ARM.extab      0x00000000080025e4        0x0
                0x00000000080025e4                . = ALIGN (0x4)
 *(.ARM.extab* .gnu.linkonce.armextab.*)
                0x00000000080025e4                . = ALIGN (0x4)

.ARM            0x00000000080025e4        0x8
                0x00000000080025e4                . = ALIGN (0x4)
                0x00000000080025e4                __exidx_start = .
 *(.ARM.exidx*)
 .ARM.exidx     0x00000000080025e4        0x8 c:/st/stm32cubeide_1.5.0/stm32cubeide/plugins/com.st.stm32cube.ide.mcu.externaltools.gnu-tools-for-stm32.7-2018-q2-update.win32_1.5.0.202011040924/tools/bin/../lib/gcc/arm-none-eabi/7.3.1/thumb/v7e-m/fpv4-sp/hard\libgcc.a(_udivmoddi4.o)
                0x00000000080025ec                __exidx_end = .
                0x00000000080025ec                . = ALIGN (0x4)

.rel.dyn        0x00000000080025ec        0x0
 .rel.iplt      0x00000000080025ec        0x0 c:/st/stm32cubeide_1.5.0/stm32cubeide/plugins/com.st.stm32cube.ide.mcu.externaltools.gnu-tools-for-stm32.7-2018-q2-update.win32_1.5.0.202011040924/tools/bin/../lib/gcc/arm-none-eabi/7.3.1/thumb/v7e-m/fpv4-sp/hard/crtbegin.o

.preinit_array  0x00000000080025ec        0x0
                0x00000000080025ec                . = ALIGN (0x4)
                0x00000000080025ec                PROVIDE (__preinit_array_start = .)
 *(.preinit_array*)
                0x00000000080025ec                PROVIDE (__preinit_array_end = .)
                0x00000000080025ec                . = ALIGN (0x4)

.init_array     0x00000000080025ec        0x4
                0x00000000080025ec                . = ALIGN (0x4)
                0x00000000080025ec                PROVIDE (__init_array_start = .)
 *(SORT_BY_NAME(.init_array.*))
 *(.init_array*)
 .init_array    0x00000000080025ec        0x4 c:/st/stm32cubeide_1.5.0/stm32cubeide/plugins/com.st.stm32cube.ide.mcu.externaltools.gnu-tools-for-stm32.7-2018-q2-update.win32_1.5.0.202011040924/tools/bin/../lib/gcc/arm-none-eabi/7.3.1/thumb/v7e-m/fpv4-sp/hard/crtbegin.o
                0x00000000080025f0                PROVIDE (__init_array_end = .)
                0x00000000080025f0                . = ALIGN (0x4)

.fini_array     0x00000000080025f0        0x4
                0x00000000080025f0                . = ALIGN (0x4)
                [!provide]                        PROVIDE (__fini_array_start = .)
 *(SORT_BY_NAME(.fini_array.*))
 *(.fini_array*)
 .fini_array    0x00000000080025f0        0x4 c:/st/stm32cubeide_1.5.0/stm32cubeide/plugins/com.st.stm32cube.ide.mcu.externaltools.gnu-tools-for-stm32.7-2018-q2-update.win32_1.5.0.202011040924/tools/bin/../lib/gcc/arm-none-eabi/7.3.1/thumb/v7e-m/fpv4-sp/hard/crtbegin.o
                [!provide]                        PROVIDE (__fini_array_end = .)
                0x00000000080025f4                . = ALIGN (0x4)
                0x00000000080025f4                _sidata = LOADADDR (.data)

.data           0x0000000020000000        0xc load address 0x00000000080025f4
                0x0000000020000000                . = ALIGN (0x4)
                0x0000000020000000                _sdata = .
 *(.data)
 *(.data*)
 .data.SystemCoreClock
                0x0000000020000000        0x4 Core/Src/system_stm32f4xx.o
                0x0000000020000000                SystemCoreClock
 .data.uwTickPrio
                0x0000000020000004        0x4 Drivers/STM32F4xx_HAL_Driver/Src/stm32f4xx_hal.o
                0x0000000020000004                uwTickPrio
 .data.uwTickFreq
                0x0000000020000008        0x1 Drivers/STM32F4xx_HAL_Driver/Src/stm32f4xx_hal.o
                0x0000000020000008                uwTickFreq
 *(.RamFunc)
 *(.RamFunc*)
                0x000000002000000c                . = ALIGN (0x4)
 *fill*         0x0000000020000009        0x3 
                0x000000002000000c                _edata = .

.igot.plt       0x000000002000000c        0x0 load address 0x0000000008002600
 .igot.plt      0x000000002000000c        0x0 c:/st/stm32cubeide_1.5.0/stm32cubeide/plugins/com.st.stm32cube.ide.mcu.externaltools.gnu-tools-for-stm32.7-2018-q2-update.win32_1.5.0.202011040924/tools/bin/../lib/gcc/arm-none-eabi/7.3.1/thumb/v7e-m/fpv4-sp/hard/crtbegin.o
                0x000000002000000c                . = ALIGN (0x4)

.bss            0x000000002000000c       0x9c load address 0x0000000008002600
                0x000000002000000c                _sbss = .
                0x000000002000000c                __bss_start__ = _sbss
 *(.bss)
 .bss           0x000000002000000c       0x1c c:/st/stm32cubeide_1.5.0/stm32cubeide/plugins/com.st.stm32cube.ide.mcu.externaltools.gnu-tools-for-stm32.7-2018-q2-update.win32_1.5.0.202011040924/tools/bin/../lib/gcc/arm-none-eabi/7.3.1/thumb/v7e-m/fpv4-sp/hard/crtbegin.o
 *(.bss*)
 .bss.tx_buffer
                0x0000000020000028        0x6 Core/Src/mokhwa_ICM20948.o
                0x0000000020000028                tx_buffer
 *fill*         0x000000002000002e        0x2 
 .bss.rx_buffer
                0x0000000020000030        0x6 Core/Src/mokhwa_ICM20948.o
                0x0000000020000030                rx_buffer
 *(COMMON)
 *fill*         0x0000000020000036        0x2 
 COMMON         0x0000000020000038       0x14 Core/Src/main.o
                0x0000000020000038                MYDATA
                0x000000002000004a                whoami_mag
                0x000000002000004b                whoami_icm
 COMMON         0x000000002000004c       0x58 Core/Src/spi.o
                0x000000002000004c                hspi1
 COMMON         0x00000000200000a4        0x4 Drivers/STM32F4xx_HAL_Driver/Src/stm32f4xx_hal.o
                0x00000000200000a4                uwTick
                0x00000000200000a8                . = ALIGN (0x4)
                0x00000000200000a8                _ebss = .
                0x00000000200000a8                __bss_end__ = _ebss

._user_heap_stack
                0x00000000200000a8      0x600 load address 0x0000000008002600
                0x00000000200000a8                . = ALIGN (0x8)
                [!provide]                        PROVIDE (end = .)
                0x00000000200000a8                PROVIDE (_end = .)
                0x00000000200002a8                . = (. + _Min_Heap_Size)
 *fill*         0x00000000200000a8      0x200 
                0x00000000200006a8                . = (. + _Min_Stack_Size)
 *fill*         0x00000000200002a8      0x400 
                0x00000000200006a8                . = ALIGN (0x8)

/DISCARD/
 libc.a(*)
 libm.a(*)
 libgcc.a(*)

.ARM.attributes
                0x0000000000000000       0x30
 *(.ARM.attributes)
 .ARM.attributes
                0x0000000000000000       0x22 c:/st/stm32cubeide_1.5.0/stm32cubeide/plugins/com.st.stm32cube.ide.mcu.externaltools.gnu-tools-for-stm32.7-2018-q2-update.win32_1.5.0.202011040924/tools/bin/../lib/gcc/arm-none-eabi/7.3.1/thumb/v7e-m/fpv4-sp/hard/crti.o
 .ARM.attributes
                0x0000000000000022       0x34 c:/st/stm32cubeide_1.5.0/stm32cubeide/plugins/com.st.stm32cube.ide.mcu.externaltools.gnu-tools-for-stm32.7-2018-q2-update.win32_1.5.0.202011040924/tools/bin/../lib/gcc/arm-none-eabi/7.3.1/thumb/v7e-m/fpv4-sp/hard/crtbegin.o
 .ARM.attributes
                0x0000000000000056       0x39 Core/Src/gpio.o
 .ARM.attributes
                0x000000000000008f       0x39 Core/Src/main.o
 .ARM.attributes
                0x00000000000000c8       0x39 Core/Src/mokhwa_ICM20948.o
 .ARM.attributes
                0x0000000000000101       0x39 Core/Src/spi.o
 .ARM.attributes
                0x000000000000013a       0x39 Core/Src/stm32f4xx_hal_msp.o
 .ARM.attributes
                0x0000000000000173       0x39 Core/Src/stm32f4xx_it.o
 .ARM.attributes
                0x00000000000001ac       0x39 Core/Src/system_stm32f4xx.o
 .ARM.attributes
                0x00000000000001e5       0x21 Core/Startup/startup_stm32f411ceux.o
 .ARM.attributes
                0x0000000000000206       0x39 Drivers/STM32F4xx_HAL_Driver/Src/stm32f4xx_hal.o
 .ARM.attributes
                0x000000000000023f       0x39 Drivers/STM32F4xx_HAL_Driver/Src/stm32f4xx_hal_cortex.o
 .ARM.attributes
                0x0000000000000278       0x39 Drivers/STM32F4xx_HAL_Driver/Src/stm32f4xx_hal_gpio.o
 .ARM.attributes
                0x00000000000002b1       0x39 Drivers/STM32F4xx_HAL_Driver/Src/stm32f4xx_hal_rcc.o
 .ARM.attributes
                0x00000000000002ea       0x39 Drivers/STM32F4xx_HAL_Driver/Src/stm32f4xx_hal_spi.o
 .ARM.attributes
                0x0000000000000323       0x34 c:/st/stm32cubeide_1.5.0/stm32cubeide/plugins/com.st.stm32cube.ide.mcu.externaltools.gnu-tools-for-stm32.7-2018-q2-update.win32_1.5.0.202011040924/tools/bin/../lib/gcc/arm-none-eabi/7.3.1/../../../../arm-none-eabi/lib/thumb/v7e-m/fpv4-sp/hard\libc_nano.a(lib_a-init.o)
 .ARM.attributes
                0x0000000000000357       0x34 c:/st/stm32cubeide_1.5.0/stm32cubeide/plugins/com.st.stm32cube.ide.mcu.externaltools.gnu-tools-for-stm32.7-2018-q2-update.win32_1.5.0.202011040924/tools/bin/../lib/gcc/arm-none-eabi/7.3.1/../../../../arm-none-eabi/lib/thumb/v7e-m/fpv4-sp/hard\libc_nano.a(lib_a-memset.o)
 .ARM.attributes
                0x000000000000038b       0x22 c:/st/stm32cubeide_1.5.0/stm32cubeide/plugins/com.st.stm32cube.ide.mcu.externaltools.gnu-tools-for-stm32.7-2018-q2-update.win32_1.5.0.202011040924/tools/bin/../lib/gcc/arm-none-eabi/7.3.1/thumb/v7e-m/fpv4-sp/hard\libgcc.a(_aeabi_uldivmod.o)
 .ARM.attributes
                0x00000000000003ad       0x34 c:/st/stm32cubeide_1.5.0/stm32cubeide/plugins/com.st.stm32cube.ide.mcu.externaltools.gnu-tools-for-stm32.7-2018-q2-update.win32_1.5.0.202011040924/tools/bin/../lib/gcc/arm-none-eabi/7.3.1/thumb/v7e-m/fpv4-sp/hard\libgcc.a(_udivmoddi4.o)
 .ARM.attributes
                0x00000000000003e1       0x22 c:/st/stm32cubeide_1.5.0/stm32cubeide/plugins/com.st.stm32cube.ide.mcu.externaltools.gnu-tools-for-stm32.7-2018-q2-update.win32_1.5.0.202011040924/tools/bin/../lib/gcc/arm-none-eabi/7.3.1/thumb/v7e-m/fpv4-sp/hard\libgcc.a(_dvmd_tls.o)
 .ARM.attributes
                0x0000000000000403       0x22 c:/st/stm32cubeide_1.5.0/stm32cubeide/plugins/com.st.stm32cube.ide.mcu.externaltools.gnu-tools-for-stm32.7-2018-q2-update.win32_1.5.0.202011040924/tools/bin/../lib/gcc/arm-none-eabi/7.3.1/thumb/v7e-m/fpv4-sp/hard/crtn.o
OUTPUT(STM32F4_ICM20948.elf elf32-littlearm)

.debug_info     0x0000000000000000     0x6eb3
 .debug_info    0x0000000000000000      0x4ba Core/Src/gpio.o
 .debug_info    0x00000000000004ba      0xbb0 Core/Src/main.o
 .debug_info    0x000000000000106a      0xb9a Core/Src/mokhwa_ICM20948.o
 .debug_info    0x0000000000001c04      0x9d9 Core/Src/spi.o
 .debug_info    0x00000000000025dd      0x38c Core/Src/stm32f4xx_hal_msp.o
 .debug_info    0x0000000000002969      0x20a Core/Src/stm32f4xx_it.o
 .debug_info    0x0000000000002b73      0x57e Core/Src/system_stm32f4xx.o
 .debug_info    0x00000000000030f1       0x22 Core/Startup/startup_stm32f411ceux.o
 .debug_info    0x0000000000003113      0x8d5 Drivers/STM32F4xx_HAL_Driver/Src/stm32f4xx_hal.o
 .debug_info    0x00000000000039e8      0xd98 Drivers/STM32F4xx_HAL_Driver/Src/stm32f4xx_hal_cortex.o
 .debug_info    0x0000000000004780      0x7d7 Drivers/STM32F4xx_HAL_Driver/Src/stm32f4xx_hal_gpio.o
 .debug_info    0x0000000000004f57      0x92a Drivers/STM32F4xx_HAL_Driver/Src/stm32f4xx_hal_rcc.o
 .debug_info    0x0000000000005881     0x1632 Drivers/STM32F4xx_HAL_Driver/Src/stm32f4xx_hal_spi.o

.debug_abbrev   0x0000000000000000     0x14ae
 .debug_abbrev  0x0000000000000000      0x134 Core/Src/gpio.o
 .debug_abbrev  0x0000000000000134      0x1d1 Core/Src/main.o
 .debug_abbrev  0x0000000000000305      0x1ca Core/Src/mokhwa_ICM20948.o
 .debug_abbrev  0x00000000000004cf      0x199 Core/Src/spi.o
 .debug_abbrev  0x0000000000000668      0x109 Core/Src/stm32f4xx_hal_msp.o
 .debug_abbrev  0x0000000000000771       0xc6 Core/Src/stm32f4xx_it.o
 .debug_abbrev  0x0000000000000837      0x12b Core/Src/system_stm32f4xx.o
 .debug_abbrev  0x0000000000000962       0x12 Core/Startup/startup_stm32f411ceux.o
 .debug_abbrev  0x0000000000000974      0x1f2 Drivers/STM32F4xx_HAL_Driver/Src/stm32f4xx_hal.o
 .debug_abbrev  0x0000000000000b66      0x2fa Drivers/STM32F4xx_HAL_Driver/Src/stm32f4xx_hal_cortex.o
 .debug_abbrev  0x0000000000000e60      0x1c9 Drivers/STM32F4xx_HAL_Driver/Src/stm32f4xx_hal_gpio.o
 .debug_abbrev  0x0000000000001029      0x245 Drivers/STM32F4xx_HAL_Driver/Src/stm32f4xx_hal_rcc.o
 .debug_abbrev  0x000000000000126e      0x240 Drivers/STM32F4xx_HAL_Driver/Src/stm32f4xx_hal_spi.o

.debug_aranges  0x0000000000000000      0x690
 .debug_aranges
                0x0000000000000000       0x20 Core/Src/gpio.o
 .debug_aranges
                0x0000000000000020       0x30 Core/Src/main.o
 .debug_aranges
                0x0000000000000050       0x88 Core/Src/mokhwa_ICM20948.o
 .debug_aranges
                0x00000000000000d8       0x30 Core/Src/spi.o
 .debug_aranges
                0x0000000000000108       0x20 Core/Src/stm32f4xx_hal_msp.o
 .debug_aranges
                0x0000000000000128       0x60 Core/Src/stm32f4xx_it.o
 .debug_aranges
                0x0000000000000188       0x28 Core/Src/system_stm32f4xx.o
 .debug_aranges
                0x00000000000001b0       0x28 Core/Startup/startup_stm32f411ceux.o
 .debug_aranges
                0x00000000000001d8       0xf0 Drivers/STM32F4xx_HAL_Driver/Src/stm32f4xx_hal.o
 .debug_aranges
                0x00000000000002c8      0x118 Drivers/STM32F4xx_HAL_Driver/Src/stm32f4xx_hal_cortex.o
 .debug_aranges
                0x00000000000003e0       0x58 Drivers/STM32F4xx_HAL_Driver/Src/stm32f4xx_hal_gpio.o
 .debug_aranges
                0x0000000000000438       0x88 Drivers/STM32F4xx_HAL_Driver/Src/stm32f4xx_hal_rcc.o
 .debug_aranges
                0x00000000000004c0      0x1d0 Drivers/STM32F4xx_HAL_Driver/Src/stm32f4xx_hal_spi.o

.debug_ranges   0x0000000000000000      0x5c8
 .debug_ranges  0x0000000000000000       0x10 Core/Src/gpio.o
 .debug_ranges  0x0000000000000010       0x20 Core/Src/main.o
 .debug_ranges  0x0000000000000030       0x78 Core/Src/mokhwa_ICM20948.o
 .debug_ranges  0x00000000000000a8       0x20 Core/Src/spi.o
 .debug_ranges  0x00000000000000c8       0x10 Core/Src/stm32f4xx_hal_msp.o
 .debug_ranges  0x00000000000000d8       0x50 Core/Src/stm32f4xx_it.o
 .debug_ranges  0x0000000000000128       0x18 Core/Src/system_stm32f4xx.o
 .debug_ranges  0x0000000000000140       0x20 Core/Startup/startup_stm32f411ceux.o
 .debug_ranges  0x0000000000000160       0xe0 Drivers/STM32F4xx_HAL_Driver/Src/stm32f4xx_hal.o
 .debug_ranges  0x0000000000000240      0x108 Drivers/STM32F4xx_HAL_Driver/Src/stm32f4xx_hal_cortex.o
 .debug_ranges  0x0000000000000348       0x48 Drivers/STM32F4xx_HAL_Driver/Src/stm32f4xx_hal_gpio.o
 .debug_ranges  0x0000000000000390       0x78 Drivers/STM32F4xx_HAL_Driver/Src/stm32f4xx_hal_rcc.o
 .debug_ranges  0x0000000000000408      0x1c0 Drivers/STM32F4xx_HAL_Driver/Src/stm32f4xx_hal_spi.o

.debug_macro    0x0000000000000000    0x14ea4
 .debug_macro   0x0000000000000000      0x1d3 Core/Src/gpio.o
 .debug_macro   0x00000000000001d3      0xa5a Core/Src/gpio.o
 .debug_macro   0x0000000000000c2d      0x28e Core/Src/gpio.o
 .debug_macro   0x0000000000000ebb       0x2e Core/Src/gpio.o
 .debug_macro   0x0000000000000ee9       0x28 Core/Src/gpio.o
 .debug_macro   0x0000000000000f11       0x22 Core/Src/gpio.o
 .debug_macro   0x0000000000000f33       0x8e Core/Src/gpio.o
 .debug_macro   0x0000000000000fc1       0x51 Core/Src/gpio.o
 .debug_macro   0x0000000000001012       0xef Core/Src/gpio.o
 .debug_macro   0x0000000000001101       0x6a Core/Src/gpio.o
 .debug_macro   0x000000000000116b      0x1df Core/Src/gpio.o
 .debug_macro   0x000000000000134a       0x1c Core/Src/gpio.o
 .debug_macro   0x0000000000001366       0x22 Core/Src/gpio.o
 .debug_macro   0x0000000000001388       0xdf Core/Src/gpio.o
 .debug_macro   0x0000000000001467     0x102d Core/Src/gpio.o
 .debug_macro   0x0000000000002494      0x11f Core/Src/gpio.o
 .debug_macro   0x00000000000025b3     0xb937 Core/Src/gpio.o
 .debug_macro   0x000000000000deea       0x43 Core/Src/gpio.o
 .debug_macro   0x000000000000df2d     0x3659 Core/Src/gpio.o
 .debug_macro   0x0000000000011586      0x174 Core/Src/gpio.o
 .debug_macro   0x00000000000116fa       0x5a Core/Src/gpio.o
 .debug_macro   0x0000000000011754      0x447 Core/Src/gpio.o
 .debug_macro   0x0000000000011b9b      0x9fe Core/Src/gpio.o
 .debug_macro   0x0000000000012599      0x117 Core/Src/gpio.o
 .debug_macro   0x00000000000126b0      0x11b Core/Src/gpio.o
 .debug_macro   0x00000000000127cb       0x27 Core/Src/gpio.o
 .debug_macro   0x00000000000127f2      0x15f Core/Src/gpio.o
 .debug_macro   0x0000000000012951      0x287 Core/Src/gpio.o
 .debug_macro   0x0000000000012bd8       0x5f Core/Src/gpio.o
 .debug_macro   0x0000000000012c37      0x236 Core/Src/gpio.o
 .debug_macro   0x0000000000012e6d      0x132 Core/Src/gpio.o
 .debug_macro   0x0000000000012f9f      0x264 Core/Src/gpio.o
 .debug_macro   0x0000000000013203       0x2e Core/Src/gpio.o
 .debug_macro   0x0000000000013231      0x11a Core/Src/gpio.o
 .debug_macro   0x000000000001334b       0x85 Core/Src/gpio.o
 .debug_macro   0x00000000000133d0       0x89 Core/Src/gpio.o
 .debug_macro   0x0000000000013459      0x225 Core/Src/gpio.o
 .debug_macro   0x000000000001367e      0x126 Core/Src/gpio.o
 .debug_macro   0x00000000000137a4       0x1c Core/Src/gpio.o
 .debug_macro   0x00000000000137c0      0x1fd Core/Src/main.o
 .debug_macro   0x00000000000139bd      0x22c Core/Src/main.o
 .debug_macro   0x0000000000013be9       0x16 Core/Src/main.o
 .debug_macro   0x0000000000013bff      0x1e9 Core/Src/mokhwa_ICM20948.o
 .debug_macro   0x0000000000013de8       0x22 Core/Src/mokhwa_ICM20948.o
 .debug_macro   0x0000000000013e0a      0x1d3 Core/Src/spi.o
 .debug_macro   0x0000000000013fdd      0x1c9 Core/Src/stm32f4xx_hal_msp.o
 .debug_macro   0x00000000000141a6      0x1d3 Core/Src/stm32f4xx_it.o
 .debug_macro   0x0000000000014379      0x1c0 Core/Src/system_stm32f4xx.o
 .debug_macro   0x0000000000014539      0x21a Drivers/STM32F4xx_HAL_Driver/Src/stm32f4xx_hal.o
 .debug_macro   0x0000000000014753      0x1ba Drivers/STM32F4xx_HAL_Driver/Src/stm32f4xx_hal_cortex.o
 .debug_macro   0x000000000001490d      0x1f0 Drivers/STM32F4xx_HAL_Driver/Src/stm32f4xx_hal_gpio.o
 .debug_macro   0x0000000000014afd      0x1de Drivers/STM32F4xx_HAL_Driver/Src/stm32f4xx_hal_rcc.o
 .debug_macro   0x0000000000014cdb      0x1c9 Drivers/STM32F4xx_HAL_Driver/Src/stm32f4xx_hal_spi.o

.debug_line     0x0000000000000000     0x6520
 .debug_line    0x0000000000000000      0x698 Core/Src/gpio.o
 .debug_line    0x0000000000000698      0x728 Core/Src/main.o
 .debug_line    0x0000000000000dc0      0x7e9 Core/Src/mokhwa_ICM20948.o
 .debug_line    0x00000000000015a9      0x6c3 Core/Src/spi.o
 .debug_line    0x0000000000001c6c      0x68f Core/Src/stm32f4xx_hal_msp.o
 .debug_line    0x00000000000022fb      0x737 Core/Src/stm32f4xx_it.o
 .debug_line    0x0000000000002a32      0x6aa Core/Src/system_stm32f4xx.o
 .debug_line    0x00000000000030dc       0x85 Core/Startup/startup_stm32f411ceux.o
 .debug_line    0x0000000000003161      0x894 Drivers/STM32F4xx_HAL_Driver/Src/stm32f4xx_hal.o
 .debug_line    0x00000000000039f5      0x9b8 Drivers/STM32F4xx_HAL_Driver/Src/stm32f4xx_hal_cortex.o
 .debug_line    0x00000000000043ad      0x837 Drivers/STM32F4xx_HAL_Driver/Src/stm32f4xx_hal_gpio.o
 .debug_line    0x0000000000004be4      0x8ec Drivers/STM32F4xx_HAL_Driver/Src/stm32f4xx_hal_rcc.o
 .debug_line    0x00000000000054d0     0x1050 Drivers/STM32F4xx_HAL_Driver/Src/stm32f4xx_hal_spi.o

.debug_str      0x0000000000000000    0x8124b
 .debug_str     0x0000000000000000    0x7e810 Core/Src/gpio.o
                                      0x7ea93 (size before relaxing)
 .debug_str     0x000000000007e810      0xd37 Core/Src/main.o
                                      0x7f7ca (size before relaxing)
 .debug_str     0x000000000007f547      0x45a Core/Src/mokhwa_ICM20948.o
                                      0x7f968 (size before relaxing)
 .debug_str     0x000000000007f9a1       0x4b Core/Src/spi.o
                                      0x7eef0 (size before relaxing)
 .debug_str     0x000000000007f9ec       0x2c Core/Src/stm32f4xx_hal_msp.o
                                      0x7e9f6 (size before relaxing)
 .debug_str     0x000000000007fa18       0xbd Core/Src/stm32f4xx_it.o
                                      0x7e972 (size before relaxing)
 .debug_str     0x000000000007fad5       0xc4 Core/Src/system_stm32f4xx.o
                                      0x7ea1c (size before relaxing)
 .debug_str     0x000000000007fb99       0x36 Core/Startup/startup_stm32f411ceux.o
                                         0x7a (size before relaxing)
 .debug_str     0x000000000007fbcf      0x914 Drivers/STM32F4xx_HAL_Driver/Src/stm32f4xx_hal.o
                                      0x7f391 (size before relaxing)
 .debug_str     0x00000000000804e3      0x399 Drivers/STM32F4xx_HAL_Driver/Src/stm32f4xx_hal_cortex.o
                                      0x7f16e (size before relaxing)
 .debug_str     0x000000000008087c      0x20c Drivers/STM32F4xx_HAL_Driver/Src/stm32f4xx_hal_gpio.o
                                      0x7ec5b (size before relaxing)
 .debug_str     0x0000000000080a88      0x259 Drivers/STM32F4xx_HAL_Driver/Src/stm32f4xx_hal_rcc.o
                                      0x7ee09 (size before relaxing)
 .debug_str     0x0000000000080ce1      0x56a Drivers/STM32F4xx_HAL_Driver/Src/stm32f4xx_hal_spi.o
                                      0x7f278 (size before relaxing)

.comment        0x0000000000000000       0x7b
 .comment       0x0000000000000000       0x7b Core/Src/gpio.o
                                         0x7c (size before relaxing)
 .comment       0x000000000000007b       0x7c Core/Src/main.o
 .comment       0x000000000000007b       0x7c Core/Src/mokhwa_ICM20948.o
 .comment       0x000000000000007b       0x7c Core/Src/spi.o
 .comment       0x000000000000007b       0x7c Core/Src/stm32f4xx_hal_msp.o
 .comment       0x000000000000007b       0x7c Core/Src/stm32f4xx_it.o
 .comment       0x000000000000007b       0x7c Core/Src/system_stm32f4xx.o
 .comment       0x000000000000007b       0x7c Drivers/STM32F4xx_HAL_Driver/Src/stm32f4xx_hal.o
 .comment       0x000000000000007b       0x7c Drivers/STM32F4xx_HAL_Driver/Src/stm32f4xx_hal_cortex.o
 .comment       0x000000000000007b       0x7c Drivers/STM32F4xx_HAL_Driver/Src/stm32f4xx_hal_gpio.o
 .comment       0x000000000000007b       0x7c Drivers/STM32F4xx_HAL_Driver/Src/stm32f4xx_hal_rcc.o
 .comment       0x000000000000007b       0x7c Drivers/STM32F4xx_HAL_Driver/Src/stm32f4xx_hal_spi.o

.debug_frame    0x0000000000000000     0x1894
 .debug_frame   0x0000000000000000       0x34 Core/Src/gpio.o
 .debug_frame   0x0000000000000034       0x68 Core/Src/main.o
 .debug_frame   0x000000000000009c      0x1d8 Core/Src/mokhwa_ICM20948.o
 .debug_frame   0x0000000000000274       0x74 Core/Src/spi.o
 .debug_frame   0x00000000000002e8       0x38 Core/Src/stm32f4xx_hal_msp.o
 .debug_frame   0x0000000000000320      0x104 Core/Src/stm32f4xx_it.o
 .debug_frame   0x0000000000000424       0x58 Core/Src/system_stm32f4xx.o
 .debug_frame   0x000000000000047c      0x374 Drivers/STM32F4xx_HAL_Driver/Src/stm32f4xx_hal.o
 .debug_frame   0x00000000000007f0      0x498 Drivers/STM32F4xx_HAL_Driver/Src/stm32f4xx_hal_cortex.o
 .debug_frame   0x0000000000000c88      0x14c Drivers/STM32F4xx_HAL_Driver/Src/stm32f4xx_hal_gpio.o
 .debug_frame   0x0000000000000dd4      0x1f0 Drivers/STM32F4xx_HAL_Driver/Src/stm32f4xx_hal_rcc.o
 .debug_frame   0x0000000000000fc4      0x824 Drivers/STM32F4xx_HAL_Driver/Src/stm32f4xx_hal_spi.o
 .debug_frame   0x00000000000017e8       0x2c c:/st/stm32cubeide_1.5.0/stm32cubeide/plugins/com.st.stm32cube.ide.mcu.externaltools.gnu-tools-for-stm32.7-2018-q2-update.win32_1.5.0.202011040924/tools/bin/../lib/gcc/arm-none-eabi/7.3.1/../../../../arm-none-eabi/lib/thumb/v7e-m/fpv4-sp/hard\libc_nano.a(lib_a-init.o)
 .debug_frame   0x0000000000001814       0x20 c:/st/stm32cubeide_1.5.0/stm32cubeide/plugins/com.st.stm32cube.ide.mcu.externaltools.gnu-tools-for-stm32.7-2018-q2-update.win32_1.5.0.202011040924/tools/bin/../lib/gcc/arm-none-eabi/7.3.1/../../../../arm-none-eabi/lib/thumb/v7e-m/fpv4-sp/hard\libc_nano.a(lib_a-memset.o)
 .debug_frame   0x0000000000001834       0x2c c:/st/stm32cubeide_1.5.0/stm32cubeide/plugins/com.st.stm32cube.ide.mcu.externaltools.gnu-tools-for-stm32.7-2018-q2-update.win32_1.5.0.202011040924/tools/bin/../lib/gcc/arm-none-eabi/7.3.1/thumb/v7e-m/fpv4-sp/hard\libgcc.a(_aeabi_uldivmod.o)
 .debug_frame   0x0000000000001860       0x34 c:/st/stm32cubeide_1.5.0/stm32cubeide/plugins/com.st.stm32cube.ide.mcu.externaltools.gnu-tools-for-stm32.7-2018-q2-update.win32_1.5.0.202011040924/tools/bin/../lib/gcc/arm-none-eabi/7.3.1/thumb/v7e-m/fpv4-sp/hard\libgcc.a(_udivmoddi4.o)
