icm_20948.c:30:6:cs_high	8	static
icm_20948.c:35:6:cs_low	8	static
icm_20948.c:41:6:select_user_bank	16	static
icm_20948.c:51:6:read_icm20948	16	static
icm_20948.c:60:6:write_icm20948	16	static
icm_20948.c:73:6:read_ak09916	16	static
icm_20948.c:85:6:write_ak09916	16	static
icm_20948.c:97:6:whoami_icm20948	8	static
icm_20948.c:108:6:whoami_ak09916	8	static
icm_20948.c:119:6:set_gyro_full_scale	16	static
icm_20948.c:147:6:set_accel_full_scale	16	static
icm_20948.c:175:6:set_gyro_odr	24	static
icm_20948.c:183:6:set_accel_odr	24	static
icm_20948.c:192:6:icm20948_init	24	static
icm_20948.c:223:6:ak09916_init	16	static
icm_20948.c:248:6:read_gyro	24	static
icm_20948.c:281:6:read_accel	24	static
icm_20948.c:315:6:read_mag	24	static
