mokhwa_ICM20948.c:22:6:CS_HIGH	8	static
mokhwa_ICM20948.c:27:6:CS_LOW	8	static
mokhwa_ICM20948.c:34:6:SELECT_USER_BANK	16	static
mokhwa_ICM20948.c:41:6:ICM20948_READ	16	static
mokhwa_ICM20948.c:52:6:ICM20948_WRITE	16	static
mokhwa_ICM20948.c:64:6:AK09916_READ	16	static
mokhwa_ICM20948.c:78:6:AK09916_WRTIE	16	static
mokhwa_ICM20948.c:92:9:WHOAMI_ICM20948	8	static
mokhwa_ICM20948.c:100:9:WHOAMI_AK09916	8	static
mokhwa_ICM20948.c:109:6:INIT_ICM20948	8	static
mokhwa_ICM20948.c:135:6:INIT_AK09916	8	static
mokhwa_ICM20948.c:158:6:READ_GYRO	16	static
mokhwa_ICM20948.c:168:6:READ_ACCEL	16	static
mokhwa_ICM20948.c:178:6:READ_MAG	24	static
