mokhwa_ICM20948.c:22:6:CS_HIGH	8	static
mokhwa_ICM20948.c:27:6:CS_LOW	8	static
mokhwa_ICM20948.c:34:6:SELECT_USER_BANK	16	static
mokhwa_ICM20948.c:41:6:ICM20948_READ	16	static
mokhwa_ICM20948.c:52:6:ICM20948_WRITE	16	static
mokhwa_ICM20948.c:65:9:WHOAMI_ICM20948	8	static
mokhwa_ICM20948.c:73:9:WHOAMI_AK09916	8	static
mokhwa_ICM20948.c:91:6:INIT_ICM20948	8	static
mokhwa_ICM20948.c:117:6:INIT_MAG	8	static
mokhwa_ICM20948.c:164:6:READ_GYRO	16	static
mokhwa_ICM20948.c:174:6:READ_ACCEL	16	static
mokhwa_ICM20948.c:184:6:READ_MAG	16	static
mokhwa_ICM20948.c:228:9:WHOAMI_AK09916_1	8	static
mokhwa_ICM20948.c:261:6:INIT_MAG_1	8	static
