mokhwa_ICM20948.c:20:6:CS_HIGH	8	static
mokhwa_ICM20948.c:25:6:CS_LOW	8	static
mokhwa_ICM20948.c:33:6:SELECT_USER_BANK	16	static
mokhwa_ICM20948.c:41:6:ICM20948_READ	16	static
mokhwa_ICM20948.c:52:6:ICM20948_WRITE	16	static
mokhwa_ICM20948.c:66:6:MAG_READ	16	static
mokhwa_ICM20948.c:77:6:MAG_READ_MOD	16	static
mokhwa_ICM20948.c:85:6:MAG_WRITE	16	static
mokhwa_ICM20948.c:93:6:MAG_WRITE_MOD	16	static
mokhwa_ICM20948.c:104:17:ICM20948_DATA_READY	16	static
mokhwa_ICM20948.c:121:9:WHOAMI_ICM20948	8	static
mokhwa_ICM20948.c:129:9:WHOAMI_AK09916	8	static
mokhwa_ICM20948.c:152:6:INIT_ICM20948	8	static
mokhwa_ICM20948.c:170:6:INIT_AK09916	8	static
mokhwa_ICM20948.c:189:6:INIT_MAG	8	static
mokhwa_ICM20948.c:212:6:READ_GYRO	16	static
mokhwa_ICM20948.c:222:6:READ_ACCEL	16	static
mokhwa_ICM20948.c:232:6:READ_MAG	16	static
